Archive member included to satisfy reference by file (symbol)

/home/filipe/esp/udp_server/build/bootloader/main/libmain.a(bootloader_start.o)
                              (call_start_cpu)
/home/filipe/esp/udp_server/build/bootloader/bootloader_support/libbootloader_support.a(bootloader_init.o)
                              /home/filipe/esp/udp_server/build/bootloader/main/libmain.a(bootloader_start.o) (bootloader_init)
/home/filipe/esp/udp_server/build/bootloader/bootloader_support/libbootloader_support.a(bootloader_utility.o)
                              /home/filipe/esp/udp_server/build/bootloader/main/libmain.a(bootloader_start.o) (bootloader_utility_load_partition_table)
/home/filipe/esp/udp_server/build/bootloader/bootloader_support/libbootloader_support.a(bootloader_common.o)
                              /home/filipe/esp/udp_server/build/bootloader/bootloader_support/libbootloader_support.a(bootloader_utility.o) (bootloader_common_ota_select_valid)
/home/filipe/esp/udp_server/build/bootloader/bootloader_support/libbootloader_support.a(flash_partitions.o)
                              /home/filipe/esp/udp_server/build/bootloader/bootloader_support/libbootloader_support.a(bootloader_utility.o) (esp_partition_table_basic_verify)
/home/filipe/esp/udp_server/build/bootloader/bootloader_support/libbootloader_support.a(esp_image_format.o)
                              /home/filipe/esp/udp_server/build/bootloader/bootloader_support/libbootloader_support.a(bootloader_utility.o) (esp_image_load)
/home/filipe/esp/udp_server/build/bootloader/bootloader_support/libbootloader_support.a(bootloader_flash.o)
                              /home/filipe/esp/udp_server/build/bootloader/bootloader_support/libbootloader_support.a(bootloader_utility.o) (bootloader_mmap)
/home/filipe/esp/udp_server/build/bootloader/spi_flash/libspi_flash.a(spi_flash.o)
                              /home/filipe/esp/udp_server/build/bootloader/bootloader_support/libbootloader_support.a(flash_partitions.o) (g_rom_flashchip)
/home/filipe/esp/udp_server/build/bootloader/spi_flash/libspi_flash.a(spi_flash_raw.o)
                              /home/filipe/esp/udp_server/build/bootloader/spi_flash/libspi_flash.a(spi_flash.o) (spi_flash_get_id_raw)
/home/filipe/esp/udp_server/build/bootloader/log/liblog.a(log.o)
                              /home/filipe/esp/udp_server/build/bootloader/bootloader_support/libbootloader_support.a(bootloader_common.o) (esp_log_early_timestamp)
/home/filipe/esp/udp_server/build/bootloader/esp8266/libesp8266.a(ets_printf.o)
                              /home/filipe/esp/udp_server/build/bootloader/log/liblog.a(log.o) (ets_vprintf)
/home/filipe/esp/udp_server/build/bootloader/esp8266/libesp8266.a(crc.o)
                              /home/filipe/esp/udp_server/build/bootloader/bootloader_support/libbootloader_support.a(bootloader_common.o) (crc32_le)
/home/filipe/esp/ESP8266_RTOS_SDK/components/esp8266/lib/libcore.a(phy.o)
                              /home/filipe/esp/udp_server/build/bootloader/bootloader_support/libbootloader_support.a(bootloader_init.o) (phy_reg_default)
/home/filipe/esp/ESP8266_RTOS_SDK/components/esp8266/lib/libcore.a(uart.o)
                              /home/filipe/esp/udp_server/build/bootloader/bootloader_support/libbootloader_support.a(bootloader_init.o) (uart_div_modify)

Allocating common symbols
Common symbol       size              file

esp_image_spi_freq_t
                    0x4               /home/filipe/esp/udp_server/build/bootloader/main/libmain.a(bootloader_start.o)

Discarded input sections

 .text          0x0000000000000000        0x0 /home/filipe/esp/udp_server/build/bootloader/main/libmain.a(bootloader_start.o)
 .data          0x0000000000000000        0x0 /home/filipe/esp/udp_server/build/bootloader/main/libmain.a(bootloader_start.o)
 .bss           0x0000000000000000        0x0 /home/filipe/esp/udp_server/build/bootloader/main/libmain.a(bootloader_start.o)
 .xt.lit        0x0000000000000000        0x8 /home/filipe/esp/udp_server/build/bootloader/main/libmain.a(bootloader_start.o)
 .xt.prop       0x0000000000000000       0x54 /home/filipe/esp/udp_server/build/bootloader/main/libmain.a(bootloader_start.o)
 COMMON         0x0000000000000000        0x4 /home/filipe/esp/udp_server/build/bootloader/main/libmain.a(bootloader_start.o)
 .text          0x0000000000000000        0x0 /home/filipe/esp/udp_server/build/bootloader/bootloader_support/libbootloader_support.a(bootloader_init.o)
 .data          0x0000000000000000        0x0 /home/filipe/esp/udp_server/build/bootloader/bootloader_support/libbootloader_support.a(bootloader_init.o)
 .bss           0x0000000000000000        0x0 /home/filipe/esp/udp_server/build/bootloader/bootloader_support/libbootloader_support.a(bootloader_init.o)
 .xt.lit        0x0000000000000000        0x8 /home/filipe/esp/udp_server/build/bootloader/bootloader_support/libbootloader_support.a(bootloader_init.o)
 .xt.prop       0x0000000000000000       0x6c /home/filipe/esp/udp_server/build/bootloader/bootloader_support/libbootloader_support.a(bootloader_init.o)
 .text          0x0000000000000000        0x0 /home/filipe/esp/udp_server/build/bootloader/bootloader_support/libbootloader_support.a(bootloader_utility.o)
 .data          0x0000000000000000        0x0 /home/filipe/esp/udp_server/build/bootloader/bootloader_support/libbootloader_support.a(bootloader_utility.o)
 .bss           0x0000000000000000        0x0 /home/filipe/esp/udp_server/build/bootloader/bootloader_support/libbootloader_support.a(bootloader_utility.o)
 .xt.lit        0x0000000000000000       0x30 /home/filipe/esp/udp_server/build/bootloader/bootloader_support/libbootloader_support.a(bootloader_utility.o)
 .xt.prop       0x0000000000000000      0x468 /home/filipe/esp/udp_server/build/bootloader/bootloader_support/libbootloader_support.a(bootloader_utility.o)
 .literal.bootloader_common_check_long_hold_gpio
                0x0000000000000000       0x58 /home/filipe/esp/udp_server/build/bootloader/bootloader_support/libbootloader_support.a(bootloader_common.o)
 .text          0x0000000000000000        0x0 /home/filipe/esp/udp_server/build/bootloader/bootloader_support/libbootloader_support.a(bootloader_common.o)
 .data          0x0000000000000000        0x0 /home/filipe/esp/udp_server/build/bootloader/bootloader_support/libbootloader_support.a(bootloader_common.o)
 .bss           0x0000000000000000        0x0 /home/filipe/esp/udp_server/build/bootloader/bootloader_support/libbootloader_support.a(bootloader_common.o)
 .text.bootloader_common_check_long_hold_gpio
                0x0000000000000000      0x199 /home/filipe/esp/udp_server/build/bootloader/bootloader_support/libbootloader_support.a(bootloader_common.o)
 .xt.lit        0x0000000000000000       0x18 /home/filipe/esp/udp_server/build/bootloader/bootloader_support/libbootloader_support.a(bootloader_common.o)
 .xt.prop       0x0000000000000000       0xf0 /home/filipe/esp/udp_server/build/bootloader/bootloader_support/libbootloader_support.a(bootloader_common.o)
 .text          0x0000000000000000        0x0 /home/filipe/esp/udp_server/build/bootloader/bootloader_support/libbootloader_support.a(flash_partitions.o)
 .data          0x0000000000000000        0x0 /home/filipe/esp/udp_server/build/bootloader/bootloader_support/libbootloader_support.a(flash_partitions.o)
 .bss           0x0000000000000000        0x0 /home/filipe/esp/udp_server/build/bootloader/bootloader_support/libbootloader_support.a(flash_partitions.o)
 .xt.lit        0x0000000000000000        0x8 /home/filipe/esp/udp_server/build/bootloader/bootloader_support/libbootloader_support.a(flash_partitions.o)
 .xt.prop       0x0000000000000000       0xc0 /home/filipe/esp/udp_server/build/bootloader/bootloader_support/libbootloader_support.a(flash_partitions.o)
 .literal.esp_image_verify_bootloader
                0x0000000000000000        0x8 /home/filipe/esp/udp_server/build/bootloader/bootloader_support/libbootloader_support.a(esp_image_format.o)
 .text          0x0000000000000000        0x0 /home/filipe/esp/udp_server/build/bootloader/bootloader_support/libbootloader_support.a(esp_image_format.o)
 .data          0x0000000000000000        0x0 /home/filipe/esp/udp_server/build/bootloader/bootloader_support/libbootloader_support.a(esp_image_format.o)
 .bss           0x0000000000000000        0x0 /home/filipe/esp/udp_server/build/bootloader/bootloader_support/libbootloader_support.a(esp_image_format.o)
 .text.esp_image_verify_bootloader
                0x0000000000000000       0x48 /home/filipe/esp/udp_server/build/bootloader/bootloader_support/libbootloader_support.a(esp_image_format.o)
 .xt.lit        0x0000000000000000       0x10 /home/filipe/esp/udp_server/build/bootloader/bootloader_support/libbootloader_support.a(esp_image_format.o)
 .xt.prop       0x0000000000000000      0x294 /home/filipe/esp/udp_server/build/bootloader/bootloader_support/libbootloader_support.a(esp_image_format.o)
 .literal.bootloader_flash_write
                0x0000000000000000       0x24 /home/filipe/esp/udp_server/build/bootloader/bootloader_support/libbootloader_support.a(bootloader_flash.o)
 .literal.bootloader_flash_erase_sector
                0x0000000000000000        0x4 /home/filipe/esp/udp_server/build/bootloader/bootloader_support/libbootloader_support.a(bootloader_flash.o)
 .text          0x0000000000000000        0x0 /home/filipe/esp/udp_server/build/bootloader/bootloader_support/libbootloader_support.a(bootloader_flash.o)
 .data          0x0000000000000000        0x0 /home/filipe/esp/udp_server/build/bootloader/bootloader_support/libbootloader_support.a(bootloader_flash.o)
 .bss           0x0000000000000000        0x0 /home/filipe/esp/udp_server/build/bootloader/bootloader_support/libbootloader_support.a(bootloader_flash.o)
 .text.bootloader_flash_write
                0x0000000000000000       0x8d /home/filipe/esp/udp_server/build/bootloader/bootloader_support/libbootloader_support.a(bootloader_flash.o)
 .text.bootloader_flash_erase_sector
                0x0000000000000000       0x15 /home/filipe/esp/udp_server/build/bootloader/bootloader_support/libbootloader_support.a(bootloader_flash.o)
 .xt.lit        0x0000000000000000       0x28 /home/filipe/esp/udp_server/build/bootloader/bootloader_support/libbootloader_support.a(bootloader_flash.o)
 .xt.prop       0x0000000000000000      0x1e0 /home/filipe/esp/udp_server/build/bootloader/bootloader_support/libbootloader_support.a(bootloader_flash.o)
 .literal.spi_flash_program
                0x0000000000000000       0x1c /home/filipe/esp/udp_server/build/bootloader/spi_flash/libspi_flash.a(spi_flash.o)
 .literal.__spi_flash_read
                0x0000000000000000       0x10 /home/filipe/esp/udp_server/build/bootloader/spi_flash/libspi_flash.a(spi_flash.o)
 .literal.spi_flash_read$part$2
                0x0000000000000000       0x20 /home/filipe/esp/udp_server/build/bootloader/spi_flash/libspi_flash.a(spi_flash.o)
 .literal.spi_flash_write_status
                0x0000000000000000        0xc /home/filipe/esp/udp_server/build/bootloader/spi_flash/libspi_flash.a(spi_flash.o)
 .literal.spi_flash_check_wr_protect
                0x0000000000000000       0x38 /home/filipe/esp/udp_server/build/bootloader/spi_flash/libspi_flash.a(spi_flash.o)
 .literal.spi_flash_erase_sector
                0x0000000000000000       0x18 /home/filipe/esp/udp_server/build/bootloader/spi_flash/libspi_flash.a(spi_flash.o)
 .literal.spi_flash_read
                0x0000000000000000        0x8 /home/filipe/esp/udp_server/build/bootloader/spi_flash/libspi_flash.a(spi_flash.o)
 .literal.spi_flash_write
                0x0000000000000000       0x40 /home/filipe/esp/udp_server/build/bootloader/spi_flash/libspi_flash.a(spi_flash.o)
 .literal.spi_flash_erase_range
                0x0000000000000000       0x10 /home/filipe/esp/udp_server/build/bootloader/spi_flash/libspi_flash.a(spi_flash.o)
 .literal.spi_flash_cache2phys
                0x0000000000000000       0x14 /home/filipe/esp/udp_server/build/bootloader/spi_flash/libspi_flash.a(spi_flash.o)
 .literal.spi_flash_get_chip_size
                0x0000000000000000        0x4 /home/filipe/esp/udp_server/build/bootloader/spi_flash/libspi_flash.a(spi_flash.o)
 .text          0x0000000000000000        0x0 /home/filipe/esp/udp_server/build/bootloader/spi_flash/libspi_flash.a(spi_flash.o)
 .data          0x0000000000000000        0x0 /home/filipe/esp/udp_server/build/bootloader/spi_flash/libspi_flash.a(spi_flash.o)
 .bss           0x0000000000000000        0x0 /home/filipe/esp/udp_server/build/bootloader/spi_flash/libspi_flash.a(spi_flash.o)
 .text.spi_flash_program
                0x0000000000000000       0xb8 /home/filipe/esp/udp_server/build/bootloader/spi_flash/libspi_flash.a(spi_flash.o)
 .text.__spi_flash_read
                0x0000000000000000       0x36 /home/filipe/esp/udp_server/build/bootloader/spi_flash/libspi_flash.a(spi_flash.o)
 .text.spi_flash_read$part$2
                0x0000000000000000       0xdc /home/filipe/esp/udp_server/build/bootloader/spi_flash/libspi_flash.a(spi_flash.o)
 .text.spi_flash_write_status
                0x0000000000000000       0x2a /home/filipe/esp/udp_server/build/bootloader/spi_flash/libspi_flash.a(spi_flash.o)
 .text.spi_flash_check_wr_protect
                0x0000000000000000       0xf7 /home/filipe/esp/udp_server/build/bootloader/spi_flash/libspi_flash.a(spi_flash.o)
 .text.spi_flash_erase_sector
                0x0000000000000000       0x56 /home/filipe/esp/udp_server/build/bootloader/spi_flash/libspi_flash.a(spi_flash.o)
 .text.spi_flash_read
                0x0000000000000000       0x20 /home/filipe/esp/udp_server/build/bootloader/spi_flash/libspi_flash.a(spi_flash.o)
 .text.spi_flash_write
                0x0000000000000000      0x1a4 /home/filipe/esp/udp_server/build/bootloader/spi_flash/libspi_flash.a(spi_flash.o)
 .text.spi_flash_erase_range
                0x0000000000000000       0x57 /home/filipe/esp/udp_server/build/bootloader/spi_flash/libspi_flash.a(spi_flash.o)
 .text.spi_flash_cache2phys
                0x0000000000000000       0x40 /home/filipe/esp/udp_server/build/bootloader/spi_flash/libspi_flash.a(spi_flash.o)
 .text.spi_flash_get_chip_size
                0x0000000000000000        0x7 /home/filipe/esp/udp_server/build/bootloader/spi_flash/libspi_flash.a(spi_flash.o)
 .xt.lit        0x0000000000000000       0xb0 /home/filipe/esp/udp_server/build/bootloader/spi_flash/libspi_flash.a(spi_flash.o)
 .xt.prop       0x0000000000000000      0x840 /home/filipe/esp/udp_server/build/bootloader/spi_flash/libspi_flash.a(spi_flash.o)
 .literal.spi_flash_write_status_raw
                0x0000000000000000       0x1c /home/filipe/esp/udp_server/build/bootloader/spi_flash/libspi_flash.a(spi_flash_raw.o)
 .literal.spi_flash_erase_sector_raw
                0x0000000000000000       0x14 /home/filipe/esp/udp_server/build/bootloader/spi_flash/libspi_flash.a(spi_flash_raw.o)
 .literal.spi_flash_write_raw
                0x0000000000000000        0xc /home/filipe/esp/udp_server/build/bootloader/spi_flash/libspi_flash.a(spi_flash_raw.o)
 .literal.spi_flash_read_raw
                0x0000000000000000        0xc /home/filipe/esp/udp_server/build/bootloader/spi_flash/libspi_flash.a(spi_flash_raw.o)
 .text          0x0000000000000000        0x0 /home/filipe/esp/udp_server/build/bootloader/spi_flash/libspi_flash.a(spi_flash_raw.o)
 .data          0x0000000000000000        0x0 /home/filipe/esp/udp_server/build/bootloader/spi_flash/libspi_flash.a(spi_flash_raw.o)
 .bss           0x0000000000000000        0x0 /home/filipe/esp/udp_server/build/bootloader/spi_flash/libspi_flash.a(spi_flash_raw.o)
 .text.spi_flash_write_status_raw
                0x0000000000000000       0x57 /home/filipe/esp/udp_server/build/bootloader/spi_flash/libspi_flash.a(spi_flash_raw.o)
 .text.spi_flash_erase_sector_raw
                0x0000000000000000       0x52 /home/filipe/esp/udp_server/build/bootloader/spi_flash/libspi_flash.a(spi_flash_raw.o)
 .text.spi_flash_write_raw
                0x0000000000000000       0x33 /home/filipe/esp/udp_server/build/bootloader/spi_flash/libspi_flash.a(spi_flash_raw.o)
 .text.spi_flash_read_raw
                0x0000000000000000       0x33 /home/filipe/esp/udp_server/build/bootloader/spi_flash/libspi_flash.a(spi_flash_raw.o)
 .xt.lit        0x0000000000000000       0x58 /home/filipe/esp/udp_server/build/bootloader/spi_flash/libspi_flash.a(spi_flash_raw.o)
 .xt.prop       0x0000000000000000      0x354 /home/filipe/esp/udp_server/build/bootloader/spi_flash/libspi_flash.a(spi_flash_raw.o)
 .text          0x0000000000000000        0x0 /home/filipe/esp/udp_server/build/bootloader/log/liblog.a(log.o)
 .data          0x0000000000000000        0x0 /home/filipe/esp/udp_server/build/bootloader/log/liblog.a(log.o)
 .bss           0x0000000000000000        0x0 /home/filipe/esp/udp_server/build/bootloader/log/liblog.a(log.o)
 .xt.lit        0x0000000000000000       0x10 /home/filipe/esp/udp_server/build/bootloader/log/liblog.a(log.o)
 .xt.prop       0x0000000000000000       0x90 /home/filipe/esp/udp_server/build/bootloader/log/liblog.a(log.o)
 .text          0x0000000000000000        0x0 /home/filipe/esp/udp_server/build/bootloader/esp8266/libesp8266.a(ets_printf.o)
 .data          0x0000000000000000        0x0 /home/filipe/esp/udp_server/build/bootloader/esp8266/libesp8266.a(ets_printf.o)
 .bss           0x0000000000000000        0x0 /home/filipe/esp/udp_server/build/bootloader/esp8266/libesp8266.a(ets_printf.o)
 .xt.lit        0x0000000000000000       0x18 /home/filipe/esp/udp_server/build/bootloader/esp8266/libesp8266.a(ets_printf.o)
 .xt.prop       0x0000000000000000       0xa8 /home/filipe/esp/udp_server/build/bootloader/esp8266/libesp8266.a(ets_printf.o)
 .literal.crc16_le
                0x0000000000000000        0x4 /home/filipe/esp/udp_server/build/bootloader/esp8266/libesp8266.a(crc.o)
 .literal.esp_crc8
                0x0000000000000000        0x4 /home/filipe/esp/udp_server/build/bootloader/esp8266/libesp8266.a(crc.o)
 .text          0x0000000000000000        0x0 /home/filipe/esp/udp_server/build/bootloader/esp8266/libesp8266.a(crc.o)
 .data          0x0000000000000000        0x0 /home/filipe/esp/udp_server/build/bootloader/esp8266/libesp8266.a(crc.o)
 .bss           0x0000000000000000        0x0 /home/filipe/esp/udp_server/build/bootloader/esp8266/libesp8266.a(crc.o)
 .text.crc16_le
                0x0000000000000000       0x39 /home/filipe/esp/udp_server/build/bootloader/esp8266/libesp8266.a(crc.o)
 .text.esp_crc8
                0x0000000000000000       0x21 /home/filipe/esp/udp_server/build/bootloader/esp8266/libesp8266.a(crc.o)
 .rodata.crc8_le_table
                0x0000000000000000      0x100 /home/filipe/esp/udp_server/build/bootloader/esp8266/libesp8266.a(crc.o)
 .rodata.crc16_le_table
                0x0000000000000000      0x200 /home/filipe/esp/udp_server/build/bootloader/esp8266/libesp8266.a(crc.o)
 .xt.lit        0x0000000000000000       0x18 /home/filipe/esp/udp_server/build/bootloader/esp8266/libesp8266.a(crc.o)
 .xt.prop       0x0000000000000000       0xfc /home/filipe/esp/udp_server/build/bootloader/esp8266/libesp8266.a(crc.o)
 .literal.phy_reg_default
                0x0000000000000000        0x0 /home/filipe/esp/ESP8266_RTOS_SDK/components/esp8266/lib/libcore.a(phy.o)
 .text          0x0000000000000000        0x0 /home/filipe/esp/ESP8266_RTOS_SDK/components/esp8266/lib/libcore.a(phy.o)
 .data          0x0000000000000000        0x0 /home/filipe/esp/ESP8266_RTOS_SDK/components/esp8266/lib/libcore.a(phy.o)
 .bss           0x0000000000000000        0x0 /home/filipe/esp/ESP8266_RTOS_SDK/components/esp8266/lib/libcore.a(phy.o)
 .xt.lit        0x0000000000000000        0x8 /home/filipe/esp/ESP8266_RTOS_SDK/components/esp8266/lib/libcore.a(phy.o)
 .xt.prop       0x0000000000000000       0x48 /home/filipe/esp/ESP8266_RTOS_SDK/components/esp8266/lib/libcore.a(phy.o)
 .literal.uart_buff_switch
                0x0000000000000000        0x0 /home/filipe/esp/ESP8266_RTOS_SDK/components/esp8266/lib/libcore.a(uart.o)
 .literal.uart_div_modify
                0x0000000000000000        0x0 /home/filipe/esp/ESP8266_RTOS_SDK/components/esp8266/lib/libcore.a(uart.o)
 .literal.Uart_Init
                0x0000000000000000        0x0 /home/filipe/esp/ESP8266_RTOS_SDK/components/esp8266/lib/libcore.a(uart.o)
 .text          0x0000000000000000        0x0 /home/filipe/esp/ESP8266_RTOS_SDK/components/esp8266/lib/libcore.a(uart.o)
 .data          0x0000000000000000        0x0 /home/filipe/esp/ESP8266_RTOS_SDK/components/esp8266/lib/libcore.a(uart.o)
 .bss           0x0000000000000000        0x0 /home/filipe/esp/ESP8266_RTOS_SDK/components/esp8266/lib/libcore.a(uart.o)
 .text.uart_buff_switch
                0x0000000000000000        0x2 /home/filipe/esp/ESP8266_RTOS_SDK/components/esp8266/lib/libcore.a(uart.o)
 .text.Uart_Init
                0x0000000000000000        0x2 /home/filipe/esp/ESP8266_RTOS_SDK/components/esp8266/lib/libcore.a(uart.o)
 .xt.lit        0x0000000000000000        0x8 /home/filipe/esp/ESP8266_RTOS_SDK/components/esp8266/lib/libcore.a(uart.o)
 .xt.prop       0x0000000000000000       0x78 /home/filipe/esp/ESP8266_RTOS_SDK/components/esp8266/lib/libcore.a(uart.o)

Memory Configuration

Name             Origin             Length             Attributes
dport0_seg       0x000000003ff00000 0x0000000000000010
dram_seg         0x000000003ffe8000 0x0000000000017c00
iram_seg         0x0000000040100000 0x0000000000008000
*default*        0x0000000000000000 0xffffffffffffffff

Linker script and memory map

START GROUP
LOAD /home/filipe/esp/udp_server/build/bootloader/main/libmain.a
LOAD /home/filipe/esp/ESP8266_RTOS_SDK/components/esp8266/lib/libcore.a
LOAD /home/filipe/esp/udp_server/build/bootloader/bootloader_support/libbootloader_support.a
LOAD /home/filipe/esp/udp_server/build/bootloader/spi_flash/libspi_flash.a
LOAD /home/filipe/esp/udp_server/build/bootloader/log/liblog.a
LOAD /home/filipe/esp/udp_server/build/bootloader/esp8266/libesp8266.a
LOAD /home/filipe/esp/ESP8266_RTOS_SDK/components/esp8266/lib/libgcc.a
LOAD /home/filipe/esp/xtensa-lx106-elf/bin/../lib/gcc/xtensa-lx106-elf/5.2.0/../../../../xtensa-lx106-elf/lib/libstdc++.a
LOAD /home/filipe/esp/xtensa-lx106-elf/bin/../lib/gcc/xtensa-lx106-elf/5.2.0/libgcov.a
END GROUP

.text           0x0000000040100000     0x17e2
                0x0000000040100000                _stext = .
                0x0000000040100000                _text_start = ABSOLUTE (.)
                0x0000000040100000                . = ALIGN (0x10)
 *(.entry.text)
 *(.init.literal)
 *(.init)
 *(.literal .text .literal.* .text.* .stub .gnu.warning .gnu.linkonce.literal.* .gnu.linkonce.t.*.literal .gnu.linkonce.t.*)
 .literal.call_start_cpu
                0x0000000040100000        0xc /home/filipe/esp/udp_server/build/bootloader/main/libmain.a(bootloader_start.o)
                                         0x24 (size before relaxing)
 .literal.bootloader_init
                0x000000004010000c       0x40 /home/filipe/esp/udp_server/build/bootloader/bootloader_support/libbootloader_support.a(bootloader_init.o)
                                         0x6c (size before relaxing)
 .literal.log_invalid_app_partition
                0x000000004010004c       0x14 /home/filipe/esp/udp_server/build/bootloader/bootloader_support/libbootloader_support.a(bootloader_utility.o)
                                         0x1c (size before relaxing)
 .literal.try_load_partition
                0x0000000040100060        0x4 /home/filipe/esp/udp_server/build/bootloader/bootloader_support/libbootloader_support.a(bootloader_utility.o)
                                         0x10 (size before relaxing)
 .literal.bootloader_utility_load_partition_table
                0x0000000040100064       0x4c /home/filipe/esp/udp_server/build/bootloader/bootloader_support/libbootloader_support.a(bootloader_utility.o)
                                         0x74 (size before relaxing)
 .literal.bootloader_utility_get_selected_boot_partition
                0x00000000401000b0       0x1c /home/filipe/esp/udp_server/build/bootloader/bootloader_support/libbootloader_support.a(bootloader_utility.o)
                                         0x54 (size before relaxing)
 .literal.bootloader_utility_load_boot_image
                0x00000000401000cc        0xc /home/filipe/esp/udp_server/build/bootloader/bootloader_support/libbootloader_support.a(bootloader_utility.o)
                                         0x3c (size before relaxing)
 .literal.bootloader_utility_load_image
                0x00000000401000d8        0x0 /home/filipe/esp/udp_server/build/bootloader/bootloader_support/libbootloader_support.a(bootloader_utility.o)
                                          0x4 (size before relaxing)
 .literal.bootloader_common_ota_select_crc
                0x00000000401000d8        0x0 /home/filipe/esp/udp_server/build/bootloader/bootloader_support/libbootloader_support.a(bootloader_common.o)
                                          0x4 (size before relaxing)
 .literal.bootloader_common_ota_select_valid
                0x00000000401000d8        0x0 /home/filipe/esp/udp_server/build/bootloader/bootloader_support/libbootloader_support.a(bootloader_common.o)
                                          0x4 (size before relaxing)
 .literal.esp_partition_table_basic_verify
                0x00000000401000d8       0x1c /home/filipe/esp/udp_server/build/bootloader/bootloader_support/libbootloader_support.a(flash_partitions.o)
                                         0x2c (size before relaxing)
 .literal.esp_image_load
                0x00000000401000f4       0x58 /home/filipe/esp/udp_server/build/bootloader/bootloader_support/libbootloader_support.a(esp_image_format.o)
                                         0x9c (size before relaxing)
 .literal.bootloader_mmap
                0x000000004010014c       0x2c /home/filipe/esp/udp_server/build/bootloader/bootloader_support/libbootloader_support.a(bootloader_flash.o)
                                         0x3c (size before relaxing)
 .literal.bootloader_munmap
                0x0000000040100178        0x0 /home/filipe/esp/udp_server/build/bootloader/bootloader_support/libbootloader_support.a(bootloader_flash.o)
                                          0x8 (size before relaxing)
 .literal.bootloader_flash_read
                0x0000000040100178       0x10 /home/filipe/esp/udp_server/build/bootloader/bootloader_support/libbootloader_support.a(bootloader_flash.o)
                                         0x18 (size before relaxing)
 .literal.spi_user_cmd
                0x0000000040100188        0x4 /home/filipe/esp/udp_server/build/bootloader/spi_flash/libspi_flash.a(spi_flash.o)
                                          0xc (size before relaxing)
 .literal.special_flash_read_status
                0x000000004010018c        0x0 /home/filipe/esp/udp_server/build/bootloader/spi_flash/libspi_flash.a(spi_flash.o)
                                          0x4 (size before relaxing)
 .literal.special_flash_write_status
                0x000000004010018c        0x0 /home/filipe/esp/udp_server/build/bootloader/spi_flash/libspi_flash.a(spi_flash.o)
                                          0x4 (size before relaxing)
 .literal.en25q16x_read_sfdp
                0x000000004010018c        0x4 /home/filipe/esp/udp_server/build/bootloader/spi_flash/libspi_flash.a(spi_flash.o)
                                          0x8 (size before relaxing)
 .literal.spi_flash_get_id
                0x0000000040100190        0x0 /home/filipe/esp/udp_server/build/bootloader/spi_flash/libspi_flash.a(spi_flash.o)
                                          0xc (size before relaxing)
 .literal.spi_flash_read_status
                0x0000000040100190        0x0 /home/filipe/esp/udp_server/build/bootloader/spi_flash/libspi_flash.a(spi_flash.o)
                                          0xc (size before relaxing)
 .literal.spi_flash_issi_enable_QIO_mode
                0x0000000040100190        0x0 /home/filipe/esp/udp_server/build/bootloader/spi_flash/libspi_flash.a(spi_flash.o)
                                          0xc (size before relaxing)
 .literal.special_flash_set_mode
                0x0000000040100190        0x0 /home/filipe/esp/udp_server/build/bootloader/spi_flash/libspi_flash.a(spi_flash.o)
                                          0x4 (size before relaxing)
 .literal.en25q16x_write_volatile_status
                0x0000000040100190        0x0 /home/filipe/esp/udp_server/build/bootloader/spi_flash/libspi_flash.a(spi_flash.o)
                                         0x14 (size before relaxing)
 .literal.user_spi_flash_dio_to_qio_pre_init
                0x0000000040100190        0xc /home/filipe/esp/udp_server/build/bootloader/spi_flash/libspi_flash.a(spi_flash.o)
                                         0x34 (size before relaxing)
 .literal.esp_spi_flash_init
                0x000000004010019c       0x20 /home/filipe/esp/udp_server/build/bootloader/spi_flash/libspi_flash.a(spi_flash.o)
                                         0x28 (size before relaxing)
 .literal.Cache_Read_Disable_2
                0x00000000401001bc        0xc /home/filipe/esp/udp_server/build/bootloader/spi_flash/libspi_flash.a(spi_flash_raw.o)
                                         0x10 (size before relaxing)
 .literal.Cache_Read_Enable_2
                0x00000000401001c8        0x4 /home/filipe/esp/udp_server/build/bootloader/spi_flash/libspi_flash.a(spi_flash_raw.o)
                                          0xc (size before relaxing)
 .literal.spi_flash_get_id_raw
                0x00000000401001cc       0x10 /home/filipe/esp/udp_server/build/bootloader/spi_flash/libspi_flash.a(spi_flash_raw.o)
                                         0x1c (size before relaxing)
 .literal.spi_flash_read_status_raw
                0x00000000401001dc        0x4 /home/filipe/esp/udp_server/build/bootloader/spi_flash/libspi_flash.a(spi_flash_raw.o)
                                          0xc (size before relaxing)
 .literal.spi_flash_enable_qmode_raw
                0x00000000401001e0        0x4 /home/filipe/esp/udp_server/build/bootloader/spi_flash/libspi_flash.a(spi_flash_raw.o)
                                         0x10 (size before relaxing)
 .literal.spi_user_cmd_raw
                0x00000000401001e4       0x64 /home/filipe/esp/udp_server/build/bootloader/spi_flash/libspi_flash.a(spi_flash_raw.o)
                                         0x8c (size before relaxing)
 .literal.spi_flash_switch_to_qio_raw
                0x0000000040100248        0x8 /home/filipe/esp/udp_server/build/bootloader/spi_flash/libspi_flash.a(spi_flash_raw.o)
                                          0xc (size before relaxing)
 .literal.ets_putc
                0x0000000040100250        0x8 /home/filipe/esp/udp_server/build/bootloader/esp8266/libesp8266.a(ets_printf.o)
 .literal.ets_vprintf
                0x0000000040100258        0x8 /home/filipe/esp/udp_server/build/bootloader/esp8266/libesp8266.a(ets_printf.o)
 .literal.ets_printf
                0x0000000040100260        0x0 /home/filipe/esp/udp_server/build/bootloader/esp8266/libesp8266.a(ets_printf.o)
                                          0x4 (size before relaxing)
 .literal.crc32_le
                0x0000000040100260        0x4 /home/filipe/esp/udp_server/build/bootloader/esp8266/libesp8266.a(crc.o)
 .iram1.0.literal
                0x0000000040100264        0x8 /home/filipe/esp/udp_server/build/bootloader/log/liblog.a(log.o)
 .iram1.1.literal
                0x000000004010026c       0x18 /home/filipe/esp/udp_server/build/bootloader/log/liblog.a(log.o)
                                         0x30 (size before relaxing)
 .text.call_start_cpu
                0x0000000040100284       0x6e /home/filipe/esp/udp_server/build/bootloader/main/libmain.a(bootloader_start.o)
                                         0x82 (size before relaxing)
                0x0000000040100284                call_start_cpu
 *fill*         0x00000000401002f2        0x2 
 .text.bootloader_init
                0x00000000401002f4       0xe2 /home/filipe/esp/udp_server/build/bootloader/bootloader_support/libbootloader_support.a(bootloader_init.o)
                                        0x106 (size before relaxing)
                0x00000000401002f4                bootloader_init
 *fill*         0x00000000401003d6        0x2 
 .text.log_invalid_app_partition
                0x00000000401003d8       0x3d /home/filipe/esp/udp_server/build/bootloader/bootloader_support/libbootloader_support.a(bootloader_utility.o)
 *fill*         0x0000000040100415        0x3 
 .text.try_load_partition
                0x0000000040100418       0x37 /home/filipe/esp/udp_server/build/bootloader/bootloader_support/libbootloader_support.a(bootloader_utility.o)
                                         0x3f (size before relaxing)
 *fill*         0x000000004010044f        0x1 
 .text.bootloader_utility_load_partition_table
                0x0000000040100450      0x167 /home/filipe/esp/udp_server/build/bootloader/bootloader_support/libbootloader_support.a(bootloader_utility.o)
                                        0x17b (size before relaxing)
                0x0000000040100450                bootloader_utility_load_partition_table
 *fill*         0x00000000401005b7        0x1 
 .text.bootloader_utility_get_selected_boot_partition
                0x00000000401005b8      0x10e /home/filipe/esp/udp_server/build/bootloader/bootloader_support/libbootloader_support.a(bootloader_utility.o)
                                        0x11a (size before relaxing)
                0x00000000401005b8                bootloader_utility_get_selected_boot_partition
 *fill*         0x00000000401006c6        0x2 
 .text.bootloader_utility_load_boot_image
                0x00000000401006c8       0xd2 /home/filipe/esp/udp_server/build/bootloader/bootloader_support/libbootloader_support.a(bootloader_utility.o)
                                         0xea (size before relaxing)
                0x00000000401006c8                bootloader_utility_load_boot_image
 *fill*         0x000000004010079a        0x2 
 .text.bootloader_utility_load_image
                0x000000004010079c       0x21 /home/filipe/esp/udp_server/build/bootloader/bootloader_support/libbootloader_support.a(bootloader_utility.o)
                                         0x25 (size before relaxing)
                0x000000004010079c                bootloader_utility_load_image
 *fill*         0x00000000401007bd        0x3 
 .text.bootloader_common_ota_select_crc
                0x00000000401007c0       0x18 /home/filipe/esp/udp_server/build/bootloader/bootloader_support/libbootloader_support.a(bootloader_common.o)
                0x00000000401007c0                bootloader_common_ota_select_crc
 .text.bootloader_common_ota_select_valid
                0x00000000401007d8       0x2d /home/filipe/esp/udp_server/build/bootloader/bootloader_support/libbootloader_support.a(bootloader_common.o)
                0x00000000401007d8                bootloader_common_ota_select_valid
 *fill*         0x0000000040100805        0x3 
 .text.esp_partition_table_basic_verify
                0x0000000040100808       0xd2 /home/filipe/esp/udp_server/build/bootloader/bootloader_support/libbootloader_support.a(flash_partitions.o)
                                         0xd6 (size before relaxing)
                0x0000000040100808                esp_partition_table_basic_verify
 *fill*         0x00000000401008da        0x2 
 .text.esp_image_load
                0x00000000401008dc      0x320 /home/filipe/esp/udp_server/build/bootloader/bootloader_support/libbootloader_support.a(esp_image_format.o)
                                        0x33c (size before relaxing)
                0x00000000401008dc                esp_image_load
 .text.bootloader_mmap
                0x0000000040100bfc       0xa1 /home/filipe/esp/udp_server/build/bootloader/bootloader_support/libbootloader_support.a(bootloader_flash.o)
                                         0xa5 (size before relaxing)
                0x0000000040100bfc                bootloader_mmap
 *fill*         0x0000000040100c9d        0x3 
 .text.bootloader_munmap
                0x0000000040100ca0       0x23 /home/filipe/esp/udp_server/build/bootloader/bootloader_support/libbootloader_support.a(bootloader_flash.o)
                0x0000000040100ca0                bootloader_munmap
 *fill*         0x0000000040100cc3        0x1 
 .text.bootloader_flash_read
                0x0000000040100cc4       0x4e /home/filipe/esp/udp_server/build/bootloader/bootloader_support/libbootloader_support.a(bootloader_flash.o)
                0x0000000040100cc4                bootloader_flash_read
 *fill*         0x0000000040100d12        0x2 
 .text.spi_user_cmd
                0x0000000040100d14       0x43 /home/filipe/esp/udp_server/build/bootloader/spi_flash/libspi_flash.a(spi_flash.o)
                0x0000000040100d14                spi_user_cmd
 *fill*         0x0000000040100d57        0x1 
 .text.special_flash_read_status
                0x0000000040100d58       0x35 /home/filipe/esp/udp_server/build/bootloader/spi_flash/libspi_flash.a(spi_flash.o)
                0x0000000040100d58                special_flash_read_status
 *fill*         0x0000000040100d8d        0x3 
 .text.special_flash_write_status
                0x0000000040100d90       0x4d /home/filipe/esp/udp_server/build/bootloader/spi_flash/libspi_flash.a(spi_flash.o)
                0x0000000040100d90                special_flash_write_status
 *fill*         0x0000000040100ddd        0x3 
 .text.en25q16x_read_sfdp
                0x0000000040100de0       0x43 /home/filipe/esp/udp_server/build/bootloader/spi_flash/libspi_flash.a(spi_flash.o)
                0x0000000040100de0                en25q16x_read_sfdp
 *fill*         0x0000000040100e23        0x1 
 .text.spi_flash_get_id
                0x0000000040100e24       0x26 /home/filipe/esp/udp_server/build/bootloader/spi_flash/libspi_flash.a(spi_flash.o)
                0x0000000040100e24                spi_flash_get_id
 *fill*         0x0000000040100e4a        0x2 
 .text.spi_flash_read_status
                0x0000000040100e4c       0x28 /home/filipe/esp/udp_server/build/bootloader/spi_flash/libspi_flash.a(spi_flash.o)
                0x0000000040100e4c                spi_flash_read_status
 .text.spi_flash_issi_enable_QIO_mode
                0x0000000040100e74       0x3b /home/filipe/esp/udp_server/build/bootloader/spi_flash/libspi_flash.a(spi_flash.o)
                                         0x43 (size before relaxing)
 *fill*         0x0000000040100eaf        0x1 
 .text.special_flash_set_mode
                0x0000000040100eb0       0x3d /home/filipe/esp/udp_server/build/bootloader/spi_flash/libspi_flash.a(spi_flash.o)
                0x0000000040100eb0                special_flash_set_mode
 *fill*         0x0000000040100eed        0x3 
 .text.en25q16x_write_volatile_status
                0x0000000040100ef0       0x4f /home/filipe/esp/udp_server/build/bootloader/spi_flash/libspi_flash.a(spi_flash.o)
                                         0x5b (size before relaxing)
                0x0000000040100ef0                en25q16x_write_volatile_status
 *fill*         0x0000000040100f3f        0x1 
 .text.user_spi_flash_dio_to_qio_pre_init
                0x0000000040100f40       0xc1 /home/filipe/esp/udp_server/build/bootloader/spi_flash/libspi_flash.a(spi_flash.o)
                                         0xd5 (size before relaxing)
                0x0000000040100f40                user_spi_flash_dio_to_qio_pre_init
 *fill*         0x0000000040101001        0x3 
 .text.esp_spi_flash_init
                0x0000000040101004       0xbd /home/filipe/esp/udp_server/build/bootloader/spi_flash/libspi_flash.a(spi_flash.o)
                                         0xc1 (size before relaxing)
                0x0000000040101004                esp_spi_flash_init
 *fill*         0x00000000401010c1        0x3 
 .text.Cache_Read_Disable_2
                0x00000000401010c4       0x35 /home/filipe/esp/udp_server/build/bootloader/spi_flash/libspi_flash.a(spi_flash_raw.o)
                0x00000000401010c4                Cache_Read_Disable_2
 *fill*         0x00000000401010f9        0x3 
 .text.Cache_Read_Enable_2
                0x00000000401010fc       0x28 /home/filipe/esp/udp_server/build/bootloader/spi_flash/libspi_flash.a(spi_flash_raw.o)
                0x00000000401010fc                Cache_Read_Enable_New
                0x00000000401010fc                Cache_Read_Enable_2
 .text.spi_flash_get_id_raw
                0x0000000040101124       0x4f /home/filipe/esp/udp_server/build/bootloader/spi_flash/libspi_flash.a(spi_flash_raw.o)
                0x0000000040101124                spi_flash_get_id_raw
 *fill*         0x0000000040101173        0x1 
 .text.spi_flash_read_status_raw
                0x0000000040101174       0x27 /home/filipe/esp/udp_server/build/bootloader/spi_flash/libspi_flash.a(spi_flash_raw.o)
                                         0x2b (size before relaxing)
                0x0000000040101174                spi_flash_read_status_raw
 *fill*         0x000000004010119b        0x1 
 .text.spi_flash_enable_qmode_raw
                0x000000004010119c       0x33 /home/filipe/esp/udp_server/build/bootloader/spi_flash/libspi_flash.a(spi_flash_raw.o)
                                         0x37 (size before relaxing)
                0x000000004010119c                spi_flash_enable_qmode_raw
 *fill*         0x00000000401011cf        0x1 
 .text.spi_user_cmd_raw
                0x00000000401011d0      0x3c4 /home/filipe/esp/udp_server/build/bootloader/spi_flash/libspi_flash.a(spi_flash_raw.o)
                                        0x3c8 (size before relaxing)
                0x00000000401011d0                spi_user_cmd_raw
 .text.spi_flash_switch_to_qio_raw
                0x0000000040101594       0x25 /home/filipe/esp/udp_server/build/bootloader/spi_flash/libspi_flash.a(spi_flash_raw.o)
                0x0000000040101594                spi_flash_switch_to_qio_raw
 *fill*         0x00000000401015b9        0x3 
 .text.ets_putc
                0x00000000401015bc       0x3b /home/filipe/esp/udp_server/build/bootloader/esp8266/libesp8266.a(ets_printf.o)
                0x00000000401015bc                ets_putc
 *fill*         0x00000000401015f7        0x1 
 .text.ets_vprintf
                0x00000000401015f8       0x1f /home/filipe/esp/udp_server/build/bootloader/esp8266/libesp8266.a(ets_printf.o)
                0x00000000401015f8                ets_vprintf
 *fill*         0x0000000040101617        0x1 
 .text.ets_printf
                0x0000000040101618       0x27 /home/filipe/esp/udp_server/build/bootloader/esp8266/libesp8266.a(ets_printf.o)
                                         0x2b (size before relaxing)
                0x0000000040101618                ets_printf
 *fill*         0x000000004010163f        0x1 
 .text.crc32_le
                0x0000000040101640       0x2f /home/filipe/esp/udp_server/build/bootloader/esp8266/libesp8266.a(crc.o)
                0x0000000040101640                crc32_le
 *fill*         0x000000004010166f        0x1 
 .text.phy_reg_default
                0x0000000040101670       0x36 /home/filipe/esp/ESP8266_RTOS_SDK/components/esp8266/lib/libcore.a(phy.o)
                0x0000000040101680                phy_reg_default
 *fill*         0x00000000401016a6        0x2 
 .text.uart_div_modify
                0x00000000401016a8       0x50 /home/filipe/esp/ESP8266_RTOS_SDK/components/esp8266/lib/libcore.a(uart.o)
                0x00000000401016b8                uart_div_modify
 *fill*         0x00000000401016f8        0x0 
 *fill*         0x00000000401016f8        0x0 
 .text.index_to_partition
                0x00000000401016f8       0x48 /home/filipe/esp/udp_server/build/bootloader/bootloader_support/libbootloader_support.a(bootloader_utility.o)
 *fill*         0x0000000040101740        0x0 
 *fill*         0x0000000040101740        0x0 
 *fill*         0x0000000040101740        0x0 
 *fill*         0x0000000040101740        0x0 
 *fill*         0x0000000040101740        0x0 
 *fill*         0x0000000040101740        0x0 
 *fill*         0x0000000040101740        0x0 
 *fill*         0x0000000040101740        0x0 
 *fill*         0x0000000040101740        0x0 
 *fill*         0x0000000040101740        0x0 
 *fill*         0x0000000040101740        0x0 
 *fill*         0x0000000040101740        0x0 
 *fill*         0x0000000040101740        0x0 
 *fill*         0x0000000040101740        0x0 
 *fill*         0x0000000040101740        0x0 
 *fill*         0x0000000040101740        0x0 
 *fill*         0x0000000040101740        0x0 
 *fill*         0x0000000040101740        0x0 
 *fill*         0x0000000040101740        0x0 
 *fill*         0x0000000040101740        0x0 
 *fill*         0x0000000040101740        0x0 
 *fill*         0x0000000040101740        0x0 
 *fill*         0x0000000040101740        0x0 
 *fill*         0x0000000040101740        0x0 
 *fill*         0x0000000040101740        0x0 
 *fill*         0x0000000040101740        0x0 
 *fill*         0x0000000040101740        0x0 
 *fill*         0x0000000040101740        0x0 
 *fill*         0x0000000040101740        0x0 
 *fill*         0x0000000040101740        0x0 
 *fill*         0x0000000040101740        0x0 
 *(.iram1 .iram1.*)
 .iram1.0       0x0000000040101740       0x18 /home/filipe/esp/udp_server/build/bootloader/log/liblog.a(log.o)
                0x0000000040101740                esp_log_early_timestamp
 .iram1.1       0x0000000040101758       0x8a /home/filipe/esp/udp_server/build/bootloader/log/liblog.a(log.o)
                                         0x95 (size before relaxing)
                0x0000000040101758                esp_early_log_write
 *(.fini.literal)
 *(.fini)
 *(.gnu.version)
                0x00000000401017e2                _text_end = ABSOLUTE (.)
                0x00000000401017e2                _etext = .

.bss            0x000000003ffe8000      0x408
                0x000000003ffe8000                . = ALIGN (0x8)
                0x000000003ffe8000                _bss_start = ABSOLUTE (.)
 *(.dynsbss)
 *(.sbss)
 *(.sbss.*)
 *(.gnu.linkonce.sb.*)
 *(.scommon)
 *(.sbss2)
 *(.sbss2.*)
 *(.gnu.linkonce.sb2.*)
 *(.dynbss)
 *(.bss)
 *(.bss.*)
 .bss.pbuf$3468
                0x000000003ffe8000      0x400 /home/filipe/esp/udp_server/build/bootloader/bootloader_support/libbootloader_support.a(esp_image_format.o)
 .bss.mapped    0x000000003ffe8400        0x1 /home/filipe/esp/udp_server/build/bootloader/bootloader_support/libbootloader_support.a(bootloader_flash.o)
 .bss.FlashIsOnGoing
                0x000000003ffe8401        0x1 /home/filipe/esp/udp_server/build/bootloader/spi_flash/libspi_flash.a(spi_flash.o)
                0x000000003ffe8401                FlashIsOnGoing
 *(.gnu.linkonce.b.*)
 *(COMMON)
                0x000000003ffe8408                . = ALIGN (0x8)
 *fill*         0x000000003ffe8402        0x6 
                0x000000003ffe8408                _bss_end = ABSOLUTE (.)

.data           0x000000003ffe8408       0x18
                0x000000003ffe8408                _data_start = ABSOLUTE (.)
 *(.data)
 *(.data.*)
 .data.g_rom_flashchip
                0x000000003ffe8408       0x18 /home/filipe/esp/udp_server/build/bootloader/spi_flash/libspi_flash.a(spi_flash.o)
                0x000000003ffe8408                g_rom_flashchip
 *(.gnu.linkonce.d.*)
 *(.data1)
 *(.sdata)
 *(.sdata.*)
 *(.gnu.linkonce.s.*)
 *(.sdata2)
 *(.sdata2.*)
 *(.gnu.linkonce.s2.*)
 *(.jcr)
                0x000000003ffe8420                _data_end = ABSOLUTE (.)

.rodata         0x000000003ffe8420      0xd70
                0x000000003ffe8420                _rodata_start = ABSOLUTE (.)
 *(.rodata)
 *(.rodata.*)
 .rodata.str1.1
                0x000000003ffe8420       0x21 /home/filipe/esp/udp_server/build/bootloader/main/libmain.a(bootloader_start.o)
 .rodata.str1.1
                0x000000003ffe8441       0xdf /home/filipe/esp/udp_server/build/bootloader/bootloader_support/libbootloader_support.a(bootloader_init.o)
                                         0xed (size before relaxing)
 .rodata.CSWTCH$8
                0x000000003ffe8520       0x20 /home/filipe/esp/udp_server/build/bootloader/bootloader_support/libbootloader_support.a(bootloader_init.o)
 .rodata.CSWTCH$7
                0x000000003ffe8540        0xc /home/filipe/esp/udp_server/build/bootloader/bootloader_support/libbootloader_support.a(bootloader_init.o)
 .rodata.CSWTCH$6
                0x000000003ffe854c       0x40 /home/filipe/esp/udp_server/build/bootloader/bootloader_support/libbootloader_support.a(bootloader_init.o)
 .rodata.str1.1
                0x000000003ffe858c      0x334 /home/filipe/esp/udp_server/build/bootloader/bootloader_support/libbootloader_support.a(bootloader_utility.o)
                                        0x339 (size before relaxing)
 .rodata.str1.1
                0x000000003ffe88c0       0xb1 /home/filipe/esp/udp_server/build/bootloader/bootloader_support/libbootloader_support.a(flash_partitions.o)
 .rodata.str1.1
                0x000000003ffe8971      0x227 /home/filipe/esp/udp_server/build/bootloader/bootloader_support/libbootloader_support.a(esp_image_format.o)
                                        0x228 (size before relaxing)
 .rodata.str1.1
                0x000000003ffe8b98      0x192 /home/filipe/esp/udp_server/build/bootloader/bootloader_support/libbootloader_support.a(bootloader_flash.o)
 .rodata.str1.1
                0x000000003ffe8d2a       0x29 /home/filipe/esp/udp_server/build/bootloader/spi_flash/libspi_flash.a(spi_flash.o)
 .rodata.str1.1
                0x000000003ffe8d53       0x1c /home/filipe/esp/udp_server/build/bootloader/log/liblog.a(log.o)
 .rodata.s_log_prefix
                0x000000003ffe8d6f        0x6 /home/filipe/esp/udp_server/build/bootloader/log/liblog.a(log.o)
 *fill*         0x000000003ffe8d75        0x3 
 .rodata.s_log_color
                0x000000003ffe8d78       0x18 /home/filipe/esp/udp_server/build/bootloader/log/liblog.a(log.o)
 .rodata.crc32_le_table
                0x000000003ffe8d90      0x400 /home/filipe/esp/udp_server/build/bootloader/esp8266/libesp8266.a(crc.o)
 *(.gnu.linkonce.r.*)
 *(.rodata1)
                0x000000003ffe9190                __XT_EXCEPTION_TABLE_ = ABSOLUTE (.)
 *(.xt_except_table)
 *(.gcc_except_table)
 *(.gnu.linkonce.e.*)
 *(.gnu.version_r)
 *(.eh_frame)
                0x000000003ffe9190                . = ((. + 0x3) & 0xfffffffffffffffc)
                0x000000003ffe9190                __init_array_start = ABSOLUTE (.)
 *crtbegin.o(.ctors)
 *(EXCLUDE_FILE(*crtend.o) .ctors)
 *(SORT(.ctors.*))
 *(.ctors)
                0x000000003ffe9190                __init_array_end = ABSOLUTE (.)
 *crtbegin.o(.dtors)
 *(EXCLUDE_FILE(*crtend.o) .dtors)
 *(SORT(.dtors.*))
 *(.dtors)
                0x000000003ffe9190                __XT_EXCEPTION_DESCS_ = ABSOLUTE (.)
 *(.xt_except_desc)
 *(.gnu.linkonce.h.*)
                0x000000003ffe9190                __XT_EXCEPTION_DESCS_END__ = ABSOLUTE (.)
 *(.xt_except_desc_end)
 *(.dynamic)
 *(.gnu.version_d)
                0x000000003ffe9190                _rodata_end = ABSOLUTE (.)
                0x000000003ffe9190                _lit4_start = ABSOLUTE (.)
 *(*.lit4)
 *(.lit4.*)
 *(.gnu.linkonce.lit4.*)
                0x000000003ffe9190                _lit4_end = ABSOLUTE (.)
                0x000000003ffe9190                . = ALIGN (0x4)
                0x000000003ffe9190                _heap_start = ABSOLUTE (.)
                0x0000000060001100                PROVIDE (rtc_sys_info, 0x60001100)
                0x00000000400040c0                PROVIDE (SPI_sector_erase, 0x400040c0)
                0x0000000040004174                PROVIDE (SPI_page_program, 0x40004174)
                0x00000000400042ac                PROVIDE (SPI_read_data, 0x400042ac)
                0x00000000400043c8                PROVIDE (SPI_read_status, 0x400043c8)
                0x0000000040004400                PROVIDE (SPI_write_status, 0x40004400)
                0x000000004000443c                PROVIDE (SPI_write_enable, 0x4000443c)
                0x000000004000448c                PROVIDE (Wait_SPI_Idle, 0x4000448c)
                0x00000000400044c0                PROVIDE (Enable_QMode, 0x400044c0)
                [!provide]                        PROVIDE (Disable_QMode, 0x40004508)
                0x0000000040004678                PROVIDE (Cache_Read_Enable, 0x40004678)
                0x00000000400047f0                PROVIDE (Cache_Read_Disable, 0x400047f0)
                [!provide]                        PROVIDE (lldesc_build_chain, 0x40004f40)
                [!provide]                        PROVIDE (lldesc_num2link, 0x40005050)
                [!provide]                        PROVIDE (lldesc_set_owner, 0x4000507c)
                [!provide]                        PROVIDE (__adddf3, 0x4000c538)
                [!provide]                        PROVIDE (__addsf3, 0x4000c180)
                [!provide]                        PROVIDE (__divdf3, 0x4000cb94)
                [!provide]                        PROVIDE (__divdi3, 0x4000ce60)
                [!provide]                        PROVIDE (__divsi3, 0x4000dc88)
                [!provide]                        PROVIDE (__extendsfdf2, 0x4000cdfc)
                [!provide]                        PROVIDE (__fixdfsi, 0x4000ccb8)
                [!provide]                        PROVIDE (__fixunsdfsi, 0x4000cd00)
                [!provide]                        PROVIDE (__fixunssfsi, 0x4000c4c4)
                [!provide]                        PROVIDE (__floatsidf, 0x4000e2f0)
                [!provide]                        PROVIDE (__floatsisf, 0x4000e2ac)
                [!provide]                        PROVIDE (__floatunsidf, 0x4000e2e8)
                [!provide]                        PROVIDE (__floatunsisf, 0x4000e2a4)
                [!provide]                        PROVIDE (__muldf3, 0x4000c8f0)
                [!provide]                        PROVIDE (__muldi3, 0x40000650)
                [!provide]                        PROVIDE (__mulsf3, 0x4000c3dc)
                [!provide]                        PROVIDE (__subdf3, 0x4000c688)
                [!provide]                        PROVIDE (__subsf3, 0x4000c268)
                [!provide]                        PROVIDE (__truncdfsf2, 0x4000cd5c)
                [!provide]                        PROVIDE (__udivdi3, 0x4000d310)
                0x000000004000e21c                PROVIDE (__udivsi3, 0x4000e21c)
                [!provide]                        PROVIDE (__umoddi3, 0x4000d770)
                0x000000004000e268                PROVIDE (__umodsi3, 0x4000e268)
                [!provide]                        PROVIDE (__umulsidi3, 0x4000dcf0)
                [!provide]                        PROVIDE (bzero, 0x4000de84)
                [!provide]                        PROVIDE (memcmp, 0x4000dea8)
                0x000000004000df48                PROVIDE (memcpy, 0x4000df48)
                [!provide]                        PROVIDE (memmove, 0x4000e04c)
                0x000000004000e190                PROVIDE (memset, 0x4000e190)
                [!provide]                        PROVIDE (strcmp, 0x4000bdc8)
                [!provide]                        PROVIDE (strcpy, 0x4000bec8)
                [!provide]                        PROVIDE (strlen, 0x4000bf4c)
                [!provide]                        PROVIDE (strncmp, 0x4000bfa8)
                [!provide]                        PROVIDE (strncpy, 0x4000c0a0)
                [!provide]                        PROVIDE (strstr, 0x4000e1e0)
                0x0000000040004cf0                PROVIDE (gpio_input_get, 0x40004cf0)
                [!provide]                        PROVIDE (gpio_pin_wakeup_disable, 0x40004ed4)
                [!provide]                        PROVIDE (gpio_pin_wakeup_enable, 0x40004e90)
                0x0000000040001f00                PROVIDE (ets_io_vprintf, 0x40001f00)
                [!provide]                        PROVIDE (uart_rx_one_char, 0x40003b8c)
                [!provide]                        PROVIDE (rom_i2c_readReg, 0x40007268)
                [!provide]                        PROVIDE (rom_i2c_readReg_Mask, 0x4000729c)
                [!provide]                        PROVIDE (rom_i2c_writeReg, 0x400072d8)
                [!provide]                        PROVIDE (rom_i2c_writeReg_Mask, 0x4000730c)
                [!provide]                        PROVIDE (rom_software_reboot, 0x40000080)
                [!provide]                        PROVIDE (ets_memcpy, 0x400018b4)
                0x0000000040004b1c                PROVIDE (SPIRead, 0x40004b1c)
                0x0000000040004a4c                PROVIDE (SPIWrite, 0x40004a4c)
                0x0000000040004a00                PROVIDE (SPIEraseSector, 0x40004a00)
                [!provide]                        PROVIDE (gpio_input_get, 0x40004cf0)
                [!provide]                        PROVIDE (xthal_get_ccount, 0x4000dd38)
                [!provide]                        PROVIDE (uart_div_modify, 0x400039d8)
                [!provide]                        PROVIDE (ets_io_vprintf, 0x40001f00)
OUTPUT(/home/filipe/esp/udp_server/build/bootloader/bootloader.elf elf32-xtensa-le)

.debug_frame    0x0000000000000000      0x8dc
 .debug_frame   0x0000000000000000       0x30 /home/filipe/esp/udp_server/build/bootloader/main/libmain.a(bootloader_start.o)
 .debug_frame   0x0000000000000030       0x34 /home/filipe/esp/udp_server/build/bootloader/bootloader_support/libbootloader_support.a(bootloader_init.o)
 .debug_frame   0x0000000000000064      0x114 /home/filipe/esp/udp_server/build/bootloader/bootloader_support/libbootloader_support.a(bootloader_utility.o)
 .debug_frame   0x0000000000000178       0x80 /home/filipe/esp/udp_server/build/bootloader/bootloader_support/libbootloader_support.a(bootloader_common.o)
 .debug_frame   0x00000000000001f8       0x3c /home/filipe/esp/udp_server/build/bootloader/bootloader_support/libbootloader_support.a(flash_partitions.o)
 .debug_frame   0x0000000000000234       0x68 /home/filipe/esp/udp_server/build/bootloader/bootloader_support/libbootloader_support.a(esp_image_format.o)
 .debug_frame   0x000000000000029c       0xd4 /home/filipe/esp/udp_server/build/bootloader/bootloader_support/libbootloader_support.a(bootloader_flash.o)
 .debug_frame   0x0000000000000370      0x318 /home/filipe/esp/udp_server/build/bootloader/spi_flash/libspi_flash.a(spi_flash.o)
 .debug_frame   0x0000000000000688      0x15c /home/filipe/esp/udp_server/build/bootloader/spi_flash/libspi_flash.a(spi_flash_raw.o)
 .debug_frame   0x00000000000007e4       0x58 /home/filipe/esp/udp_server/build/bootloader/log/liblog.a(log.o)
 .debug_frame   0x000000000000083c       0x60 /home/filipe/esp/udp_server/build/bootloader/esp8266/libesp8266.a(ets_printf.o)
 .debug_frame   0x000000000000089c       0x40 /home/filipe/esp/udp_server/build/bootloader/esp8266/libesp8266.a(crc.o)

.debug_info     0x0000000000000000     0x50c0
 .debug_info    0x0000000000000000      0x4ca /home/filipe/esp/udp_server/build/bootloader/main/libmain.a(bootloader_start.o)
 .debug_info    0x00000000000004ca      0x507 /home/filipe/esp/udp_server/build/bootloader/bootloader_support/libbootloader_support.a(bootloader_init.o)
 .debug_info    0x00000000000009d1      0xc75 /home/filipe/esp/udp_server/build/bootloader/bootloader_support/libbootloader_support.a(bootloader_utility.o)
 .debug_info    0x0000000000001646      0x339 /home/filipe/esp/udp_server/build/bootloader/bootloader_support/libbootloader_support.a(bootloader_common.o)
 .debug_info    0x000000000000197f      0x3c7 /home/filipe/esp/udp_server/build/bootloader/bootloader_support/libbootloader_support.a(flash_partitions.o)
 .debug_info    0x0000000000001d46      0xbe4 /home/filipe/esp/udp_server/build/bootloader/bootloader_support/libbootloader_support.a(esp_image_format.o)
 .debug_info    0x000000000000292a      0x4a7 /home/filipe/esp/udp_server/build/bootloader/bootloader_support/libbootloader_support.a(bootloader_flash.o)
 .debug_info    0x0000000000002dd1     0x14b5 /home/filipe/esp/udp_server/build/bootloader/spi_flash/libspi_flash.a(spi_flash.o)
 .debug_info    0x0000000000004286      0x6f1 /home/filipe/esp/udp_server/build/bootloader/spi_flash/libspi_flash.a(spi_flash_raw.o)
 .debug_info    0x0000000000004977      0x307 /home/filipe/esp/udp_server/build/bootloader/log/liblog.a(log.o)
 .debug_info    0x0000000000004c7e      0x239 /home/filipe/esp/udp_server/build/bootloader/esp8266/libesp8266.a(ets_printf.o)
 .debug_info    0x0000000000004eb7      0x209 /home/filipe/esp/udp_server/build/bootloader/esp8266/libesp8266.a(crc.o)

.debug_abbrev   0x0000000000000000     0x164a
 .debug_abbrev  0x0000000000000000      0x1c3 /home/filipe/esp/udp_server/build/bootloader/main/libmain.a(bootloader_start.o)
 .debug_abbrev  0x00000000000001c3      0x1d7 /home/filipe/esp/udp_server/build/bootloader/bootloader_support/libbootloader_support.a(bootloader_init.o)
 .debug_abbrev  0x000000000000039a      0x285 /home/filipe/esp/udp_server/build/bootloader/bootloader_support/libbootloader_support.a(bootloader_utility.o)
 .debug_abbrev  0x000000000000061f      0x1a8 /home/filipe/esp/udp_server/build/bootloader/bootloader_support/libbootloader_support.a(bootloader_common.o)
 .debug_abbrev  0x00000000000007c7      0x170 /home/filipe/esp/udp_server/build/bootloader/bootloader_support/libbootloader_support.a(flash_partitions.o)
 .debug_abbrev  0x0000000000000937      0x241 /home/filipe/esp/udp_server/build/bootloader/bootloader_support/libbootloader_support.a(esp_image_format.o)
 .debug_abbrev  0x0000000000000b78      0x193 /home/filipe/esp/udp_server/build/bootloader/bootloader_support/libbootloader_support.a(bootloader_flash.o)
 .debug_abbrev  0x0000000000000d0b      0x3d3 /home/filipe/esp/udp_server/build/bootloader/spi_flash/libspi_flash.a(spi_flash.o)
 .debug_abbrev  0x00000000000010de      0x176 /home/filipe/esp/udp_server/build/bootloader/spi_flash/libspi_flash.a(spi_flash_raw.o)
 .debug_abbrev  0x0000000000001254      0x1c8 /home/filipe/esp/udp_server/build/bootloader/log/liblog.a(log.o)
 .debug_abbrev  0x000000000000141c      0x17f /home/filipe/esp/udp_server/build/bootloader/esp8266/libesp8266.a(ets_printf.o)
 .debug_abbrev  0x000000000000159b       0xaf /home/filipe/esp/udp_server/build/bootloader/esp8266/libesp8266.a(crc.o)

.debug_loc      0x0000000000000000     0x2cb2
 .debug_loc     0x0000000000000000       0x7c /home/filipe/esp/udp_server/build/bootloader/main/libmain.a(bootloader_start.o)
 .debug_loc     0x000000000000007c       0x5d /home/filipe/esp/udp_server/build/bootloader/bootloader_support/libbootloader_support.a(bootloader_init.o)
 .debug_loc     0x00000000000000d9      0x62e /home/filipe/esp/udp_server/build/bootloader/bootloader_support/libbootloader_support.a(bootloader_utility.o)
 .debug_loc     0x0000000000000707      0x14c /home/filipe/esp/udp_server/build/bootloader/bootloader_support/libbootloader_support.a(bootloader_common.o)
 .debug_loc     0x0000000000000853      0x129 /home/filipe/esp/udp_server/build/bootloader/bootloader_support/libbootloader_support.a(flash_partitions.o)
 .debug_loc     0x000000000000097c      0x7ad /home/filipe/esp/udp_server/build/bootloader/bootloader_support/libbootloader_support.a(esp_image_format.o)
 .debug_loc     0x0000000000001129      0x379 /home/filipe/esp/udp_server/build/bootloader/bootloader_support/libbootloader_support.a(bootloader_flash.o)
 .debug_loc     0x00000000000014a2     0x1094 /home/filipe/esp/udp_server/build/bootloader/spi_flash/libspi_flash.a(spi_flash.o)
 .debug_loc     0x0000000000002536      0x499 /home/filipe/esp/udp_server/build/bootloader/spi_flash/libspi_flash.a(spi_flash_raw.o)
 .debug_loc     0x00000000000029cf       0xd0 /home/filipe/esp/udp_server/build/bootloader/log/liblog.a(log.o)
 .debug_loc     0x0000000000002a9f       0x81 /home/filipe/esp/udp_server/build/bootloader/esp8266/libesp8266.a(ets_printf.o)
 .debug_loc     0x0000000000002b20      0x192 /home/filipe/esp/udp_server/build/bootloader/esp8266/libesp8266.a(crc.o)

.debug_aranges  0x0000000000000000      0x308
 .debug_aranges
                0x0000000000000000       0x20 /home/filipe/esp/udp_server/build/bootloader/main/libmain.a(bootloader_start.o)
 .debug_aranges
                0x0000000000000020       0x20 /home/filipe/esp/udp_server/build/bootloader/bootloader_support/libbootloader_support.a(bootloader_init.o)
 .debug_aranges
                0x0000000000000040       0x50 /home/filipe/esp/udp_server/build/bootloader/bootloader_support/libbootloader_support.a(bootloader_utility.o)
 .debug_aranges
                0x0000000000000090       0x30 /home/filipe/esp/udp_server/build/bootloader/bootloader_support/libbootloader_support.a(bootloader_common.o)
 .debug_aranges
                0x00000000000000c0       0x20 /home/filipe/esp/udp_server/build/bootloader/bootloader_support/libbootloader_support.a(flash_partitions.o)
 .debug_aranges
                0x00000000000000e0       0x28 /home/filipe/esp/udp_server/build/bootloader/bootloader_support/libbootloader_support.a(esp_image_format.o)
 .debug_aranges
                0x0000000000000108       0x40 /home/filipe/esp/udp_server/build/bootloader/bootloader_support/libbootloader_support.a(bootloader_flash.o)
 .debug_aranges
                0x0000000000000148       0xc8 /home/filipe/esp/udp_server/build/bootloader/spi_flash/libspi_flash.a(spi_flash.o)
 .debug_aranges
                0x0000000000000210       0x70 /home/filipe/esp/udp_server/build/bootloader/spi_flash/libspi_flash.a(spi_flash_raw.o)
 .debug_aranges
                0x0000000000000280       0x28 /home/filipe/esp/udp_server/build/bootloader/log/liblog.a(log.o)
 .debug_aranges
                0x00000000000002a8       0x30 /home/filipe/esp/udp_server/build/bootloader/esp8266/libesp8266.a(ets_printf.o)
 .debug_aranges
                0x00000000000002d8       0x30 /home/filipe/esp/udp_server/build/bootloader/esp8266/libesp8266.a(crc.o)

.debug_ranges   0x0000000000000000      0x3c8
 .debug_ranges  0x0000000000000000       0x10 /home/filipe/esp/udp_server/build/bootloader/main/libmain.a(bootloader_start.o)
 .debug_ranges  0x0000000000000010       0x10 /home/filipe/esp/udp_server/build/bootloader/bootloader_support/libbootloader_support.a(bootloader_init.o)
 .debug_ranges  0x0000000000000020       0x40 /home/filipe/esp/udp_server/build/bootloader/bootloader_support/libbootloader_support.a(bootloader_utility.o)
 .debug_ranges  0x0000000000000060       0x50 /home/filipe/esp/udp_server/build/bootloader/bootloader_support/libbootloader_support.a(bootloader_common.o)
 .debug_ranges  0x00000000000000b0       0x10 /home/filipe/esp/udp_server/build/bootloader/bootloader_support/libbootloader_support.a(flash_partitions.o)
 .debug_ranges  0x00000000000000c0      0x120 /home/filipe/esp/udp_server/build/bootloader/bootloader_support/libbootloader_support.a(esp_image_format.o)
 .debug_ranges  0x00000000000001e0       0x30 /home/filipe/esp/udp_server/build/bootloader/bootloader_support/libbootloader_support.a(bootloader_flash.o)
 .debug_ranges  0x0000000000000210      0x100 /home/filipe/esp/udp_server/build/bootloader/spi_flash/libspi_flash.a(spi_flash.o)
 .debug_ranges  0x0000000000000310       0x60 /home/filipe/esp/udp_server/build/bootloader/spi_flash/libspi_flash.a(spi_flash_raw.o)
 .debug_ranges  0x0000000000000370       0x18 /home/filipe/esp/udp_server/build/bootloader/log/liblog.a(log.o)
 .debug_ranges  0x0000000000000388       0x20 /home/filipe/esp/udp_server/build/bootloader/esp8266/libesp8266.a(ets_printf.o)
 .debug_ranges  0x00000000000003a8       0x20 /home/filipe/esp/udp_server/build/bootloader/esp8266/libesp8266.a(crc.o)

.debug_line     0x0000000000000000     0x3a11
 .debug_line    0x0000000000000000      0x301 /home/filipe/esp/udp_server/build/bootloader/main/libmain.a(bootloader_start.o)
 .debug_line    0x0000000000000301      0x350 /home/filipe/esp/udp_server/build/bootloader/bootloader_support/libbootloader_support.a(bootloader_init.o)
 .debug_line    0x0000000000000651      0x7aa /home/filipe/esp/udp_server/build/bootloader/bootloader_support/libbootloader_support.a(bootloader_utility.o)
 .debug_line    0x0000000000000dfb      0x349 /home/filipe/esp/udp_server/build/bootloader/bootloader_support/libbootloader_support.a(bootloader_common.o)
 .debug_line    0x0000000000001144      0x321 /home/filipe/esp/udp_server/build/bootloader/bootloader_support/libbootloader_support.a(flash_partitions.o)
 .debug_line    0x0000000000001465      0x5f6 /home/filipe/esp/udp_server/build/bootloader/bootloader_support/libbootloader_support.a(esp_image_format.o)
 .debug_line    0x0000000000001a5b      0x3f2 /home/filipe/esp/udp_server/build/bootloader/bootloader_support/libbootloader_support.a(bootloader_flash.o)
 .debug_line    0x0000000000001e4d      0xd45 /home/filipe/esp/udp_server/build/bootloader/spi_flash/libspi_flash.a(spi_flash.o)
 .debug_line    0x0000000000002b92      0x705 /home/filipe/esp/udp_server/build/bootloader/spi_flash/libspi_flash.a(spi_flash_raw.o)
 .debug_line    0x0000000000003297      0x335 /home/filipe/esp/udp_server/build/bootloader/log/liblog.a(log.o)
 .debug_line    0x00000000000035cc      0x27e /home/filipe/esp/udp_server/build/bootloader/esp8266/libesp8266.a(ets_printf.o)
 .debug_line    0x000000000000384a      0x1c7 /home/filipe/esp/udp_server/build/bootloader/esp8266/libesp8266.a(crc.o)

.debug_str      0x0000000000000000     0x17e8
 .debug_str     0x0000000000000000      0x454 /home/filipe/esp/udp_server/build/bootloader/main/libmain.a(bootloader_start.o)
                                        0x4dd (size before relaxing)
 .debug_str     0x0000000000000454      0x2fa /home/filipe/esp/udp_server/build/bootloader/bootloader_support/libbootloader_support.a(bootloader_init.o)
                                        0x595 (size before relaxing)
 .debug_str     0x000000000000074e      0x25d /home/filipe/esp/udp_server/build/bootloader/bootloader_support/libbootloader_support.a(bootloader_utility.o)
                                        0x6f5 (size before relaxing)
 .debug_str     0x00000000000009ab      0x168 /home/filipe/esp/udp_server/build/bootloader/bootloader_support/libbootloader_support.a(bootloader_common.o)
                                        0x380 (size before relaxing)
 .debug_str     0x0000000000000b13       0xe0 /home/filipe/esp/udp_server/build/bootloader/bootloader_support/libbootloader_support.a(flash_partitions.o)
                                        0x3ae (size before relaxing)
 .debug_str     0x0000000000000bf3      0x1cd /home/filipe/esp/udp_server/build/bootloader/bootloader_support/libbootloader_support.a(esp_image_format.o)
                                        0x776 (size before relaxing)
 .debug_str     0x0000000000000dc0      0x133 /home/filipe/esp/udp_server/build/bootloader/bootloader_support/libbootloader_support.a(bootloader_flash.o)
                                        0x3a7 (size before relaxing)
 .debug_str     0x0000000000000ef3      0x52c /home/filipe/esp/udp_server/build/bootloader/spi_flash/libspi_flash.a(spi_flash.o)
                                        0x918 (size before relaxing)
 .debug_str     0x000000000000141f      0x129 /home/filipe/esp/udp_server/build/bootloader/spi_flash/libspi_flash.a(spi_flash_raw.o)
                                        0x4c1 (size before relaxing)
 .debug_str     0x0000000000001548      0x108 /home/filipe/esp/udp_server/build/bootloader/log/liblog.a(log.o)
                                        0x2c3 (size before relaxing)
 .debug_str     0x0000000000001650       0xa9 /home/filipe/esp/udp_server/build/bootloader/esp8266/libesp8266.a(ets_printf.o)
                                        0x215 (size before relaxing)
 .debug_str     0x00000000000016f9       0xef /home/filipe/esp/udp_server/build/bootloader/esp8266/libesp8266.a(crc.o)
                                        0x1a4 (size before relaxing)

.comment        0x0000000000000000       0x75
 .comment       0x0000000000000000       0x3b /home/filipe/esp/udp_server/build/bootloader/main/libmain.a(bootloader_start.o)
                                         0x3c (size before relaxing)
 .comment       0x000000000000003b       0x3c /home/filipe/esp/udp_server/build/bootloader/bootloader_support/libbootloader_support.a(bootloader_init.o)
 .comment       0x000000000000003b       0x3c /home/filipe/esp/udp_server/build/bootloader/bootloader_support/libbootloader_support.a(bootloader_utility.o)
 .comment       0x000000000000003b       0x3c /home/filipe/esp/udp_server/build/bootloader/bootloader_support/libbootloader_support.a(bootloader_common.o)
 .comment       0x000000000000003b       0x3c /home/filipe/esp/udp_server/build/bootloader/bootloader_support/libbootloader_support.a(flash_partitions.o)
 .comment       0x000000000000003b       0x3c /home/filipe/esp/udp_server/build/bootloader/bootloader_support/libbootloader_support.a(esp_image_format.o)
 .comment       0x000000000000003b       0x3c /home/filipe/esp/udp_server/build/bootloader/bootloader_support/libbootloader_support.a(bootloader_flash.o)
 .comment       0x000000000000003b       0x3c /home/filipe/esp/udp_server/build/bootloader/spi_flash/libspi_flash.a(spi_flash.o)
 .comment       0x000000000000003b       0x3c /home/filipe/esp/udp_server/build/bootloader/spi_flash/libspi_flash.a(spi_flash_raw.o)
 .comment       0x000000000000003b       0x3c /home/filipe/esp/udp_server/build/bootloader/log/liblog.a(log.o)
 .comment       0x000000000000003b       0x3c /home/filipe/esp/udp_server/build/bootloader/esp8266/libesp8266.a(ets_printf.o)
 .comment       0x000000000000003b       0x3c /home/filipe/esp/udp_server/build/bootloader/esp8266/libesp8266.a(crc.o)
 .comment       0x000000000000003b       0x3a /home/filipe/esp/ESP8266_RTOS_SDK/components/esp8266/lib/libcore.a(phy.o)
                                         0x3b (size before relaxing)
 .comment       0x0000000000000075       0x3b /home/filipe/esp/ESP8266_RTOS_SDK/components/esp8266/lib/libcore.a(uart.o)

.xtensa.info    0x0000000000000000       0x38
 .xtensa.info   0x0000000000000000       0x38 /home/filipe/esp/udp_server/build/bootloader/main/libmain.a(bootloader_start.o)
 .xtensa.info   0x0000000000000038        0x0 /home/filipe/esp/udp_server/build/bootloader/bootloader_support/libbootloader_support.a(bootloader_init.o)
 .xtensa.info   0x0000000000000038        0x0 /home/filipe/esp/udp_server/build/bootloader/bootloader_support/libbootloader_support.a(bootloader_utility.o)
 .xtensa.info   0x0000000000000038        0x0 /home/filipe/esp/udp_server/build/bootloader/bootloader_support/libbootloader_support.a(bootloader_common.o)
 .xtensa.info   0x0000000000000038        0x0 /home/filipe/esp/udp_server/build/bootloader/bootloader_support/libbootloader_support.a(flash_partitions.o)
 .xtensa.info   0x0000000000000038        0x0 /home/filipe/esp/udp_server/build/bootloader/bootloader_support/libbootloader_support.a(esp_image_format.o)
 .xtensa.info   0x0000000000000038        0x0 /home/filipe/esp/udp_server/build/bootloader/bootloader_support/libbootloader_support.a(bootloader_flash.o)
 .xtensa.info   0x0000000000000038        0x0 /home/filipe/esp/udp_server/build/bootloader/spi_flash/libspi_flash.a(spi_flash.o)
 .xtensa.info   0x0000000000000038        0x0 /home/filipe/esp/udp_server/build/bootloader/spi_flash/libspi_flash.a(spi_flash_raw.o)
 .xtensa.info   0x0000000000000038        0x0 /home/filipe/esp/udp_server/build/bootloader/log/liblog.a(log.o)
 .xtensa.info   0x0000000000000038        0x0 /home/filipe/esp/udp_server/build/bootloader/esp8266/libesp8266.a(ets_printf.o)
 .xtensa.info   0x0000000000000038        0x0 /home/filipe/esp/udp_server/build/bootloader/esp8266/libesp8266.a(crc.o)
 .xtensa.info   0x0000000000000038        0x0 /home/filipe/esp/ESP8266_RTOS_SDK/components/esp8266/lib/libcore.a(phy.o)
 .xtensa.info   0x0000000000000038        0x0 /home/filipe/esp/ESP8266_RTOS_SDK/components/esp8266/lib/libcore.a(uart.o)
